k:\ptero-engine\source\ptero-engine\editor\x64\release\vc145.pdb
k:\ptero-engine\source\ptero-engine\editor\x64\release\splashscreen.obj
k:\ptero-engine\source\ptero-engine\editor\x64\release\gridgeometry.obj
k:\ptero-engine\source\ptero-engine\editor\x64\release\editormain.obj
k:\ptero-engine\source\ptero-engine\editor\x64\release\imgui_widgets.obj
k:\ptero-engine\source\ptero-engine\editor\x64\release\imgui_tables.obj
k:\ptero-engine\source\ptero-engine\editor\x64\release\imgui_draw.obj
k:\ptero-engine\source\ptero-engine\editor\x64\release\imgui.obj
k:\ptero-engine\source\ptero-engine\editor\x64\release\sceneserializer.obj
k:\ptero-engine\source\ptero-engine\x64\release\editor.exe
k:\ptero-engine\source\ptero-engine\x64\release\editor.pdb
k:\ptero-engine\source\ptero-engine\editor\x64\release\ptero-engine.res
k:\ptero-engine\source\ptero-engine\editor\x64\release\editor.ipdb
k:\ptero-engine\source\ptero-engine\editor\x64\release\editor.iobj
k:\ptero-engine\source\ptero-engine\editor\x64\release\editor.tlog\cl.command.1.tlog
k:\ptero-engine\source\ptero-engine\editor\x64\release\editor.tlog\cl.items.tlog
k:\ptero-engine\source\ptero-engine\editor\x64\release\editor.tlog\cl.read.1.tlog
k:\ptero-engine\source\ptero-engine\editor\x64\release\editor.tlog\cl.write.1.tlog
k:\ptero-engine\source\ptero-engine\editor\x64\release\editor.tlog\link.command.1.tlog
k:\ptero-engine\source\ptero-engine\editor\x64\release\editor.tlog\link.read.1.tlog
k:\ptero-engine\source\ptero-engine\editor\x64\release\editor.tlog\link.secondary.1.tlog
k:\ptero-engine\source\ptero-engine\editor\x64\release\editor.tlog\link.write.1.tlog
k:\ptero-engine\source\ptero-engine\editor\x64\release\editor.tlog\rc.command.1.tlog
k:\ptero-engine\source\ptero-engine\editor\x64\release\editor.tlog\rc.read.1.tlog
k:\ptero-engine\source\ptero-engine\editor\x64\release\editor.tlog\rc.write.1.tlog
