k:\ptero-engine\source\renderer_dx12\renderer_dx12\x64\debug\renderer_dx12.pch
k:\ptero-engine\source\renderer_dx12\renderer_dx12\x64\debug\vc145.pdb
k:\ptero-engine\source\renderer_dx12\renderer_dx12\x64\debug\vc145.idb
k:\ptero-engine\source\renderer_dx12\renderer_dx12\x64\debug\pch.obj
k:\ptero-engine\source\renderer_dx12\renderer_dx12\x64\debug\motionvectorrenderer.obj
k:\ptero-engine\source\renderer_dx12\renderer_dx12\x64\debug\hosekwilkiesky.obj
k:\ptero-engine\source\renderer_dx12\renderer_dx12\x64\debug\entitymeshrenderer.obj
k:\ptero-engine\source\renderer_dx12\renderer_dx12\x64\debug\systemassetapi.obj
k:\ptero-engine\source\renderer_dx12\renderer_dx12\x64\debug\fbxcompiler.obj
k:\ptero-engine\source\renderer_dx12\renderer_dx12\x64\debug\assetmanager.obj
k:\ptero-engine\source\renderer_dx12\renderer_dx12\x64\debug\materialeditor.obj
k:\ptero-engine\source\renderer_dx12\renderer_dx12\x64\debug\editormainmenu.obj
k:\ptero-engine\source\renderer_dx12\renderer_dx12\x64\debug\editor.obj
k:\ptero-engine\source\renderer_dx12\renderer_dx12\x64\debug\dx12shadercompiler.obj
k:\ptero-engine\source\renderer_dx12\renderer_dx12\x64\debug\dx12scenerenderer.obj
k:\ptero-engine\source\renderer_dx12\renderer_dx12\x64\debug\heightmapimporter.obj
k:\ptero-engine\source\renderer_dx12\renderer_dx12\x64\debug\dx12rendererapi.obj
k:\ptero-engine\source\renderer_dx12\renderer_dx12\x64\debug\dx12context.obj
k:\ptero-engine\source\renderer_dx12\renderer_dx12\x64\debug\dlssrenderer.obj
k:\ptero-engine\source\renderer_dx12\renderer_dx12\x64\debug\dllmain.obj
k:\ptero-engine\source\renderer_dx12\renderer_dx12\x64\debug\deferredlightingpass.obj
k:\ptero-engine\source\renderer_dx12\renderer_dx12\x64\debug\decalrenderer.obj
k:\ptero-engine\source\renderer_dx12\renderer_dx12\x64\debug\bloomrenderer.obj
k:\ptero-engine\source\renderer_dx12\renderer_dx12\x64\debug\agxtonemapper.obj
k:\ptero-engine\source\renderer_dx12\renderer_dx12\x64\debug\xegtaorenderer.obj
k:\ptero-engine\source\renderer_dx12\renderer_dx12\x64\debug\volumetricfogrenderer.obj
k:\ptero-engine\source\renderer_dx12\renderer_dx12\x64\debug\texturemanager.obj
k:\ptero-engine\source\renderer_dx12\renderer_dx12\x64\debug\taarenderer.obj
k:\ptero-engine\source\renderer_dx12\renderer_dx12\x64\debug\terrainrenderer.obj
k:\ptero-engine\source\renderer_dx12\renderer_dx12\x64\debug\terraingeometry.obj
k:\ptero-engine\source\renderer_dx12\renderer_dx12\x64\debug\smaarenderer.obj
k:\ptero-engine\source\renderer_dx12\renderer_dx12\x64\debug\skyrenderer.obj
k:\ptero-engine\source\renderer_dx12\renderer_dx12\x64\debug\shadowmaprenderer.obj
k:\ptero-engine\source\renderer_dx12\renderer_dx12\x64\debug\sceneserializer.obj
k:\ptero-engine\source\renderer_dx12\renderer_dx12\x64\debug\rtglobalillumination.obj
k:\ptero-engine\source\renderer_dx12\renderer_dx12\x64\debug\rtambientocclusion.obj
k:\ptero-engine\source\renderer_dx12\renderer_dx12\x64\debug\rainrenderer.obj
k:\ptero-engine\source\renderer_dx12\renderer_dx12\x64\debug\radianceproberenderer.obj
k:\ptero-engine\source\renderer_dx12\renderer_dx12\x64\debug\radiancecascadesrenderer.obj
k:\ptero-engine\source\renderer_dx12\renderer_dx12\x64\debug\pointlightrenderer.obj
k:\ptero-engine\source\renderer_dx12\renderer_dx12\x64\debug\nrddenoiser.obj
k:\ptero-engine\source\renderer_dx12\renderer_dx12\x64\debug\btconvexhullcomputer.obj
k:\ptero-engine\source\renderer_dx12\renderer_dx12\x64\debug\btalignedallocator.obj
k:\ptero-engine\source\renderer_dx12\renderer_dx12\x64\debug\quickhull.obj
k:\ptero-engine\source\renderer_dx12\renderer_dx12\x64\debug\sobol.obj
k:\ptero-engine\source\renderer_dx12\renderer_dx12\x64\debug\shape.obj
k:\ptero-engine\source\renderer_dx12\renderer_dx12\x64\debug\process.obj
k:\ptero-engine\source\renderer_dx12\renderer_dx12\x64\debug\model_obj.obj
k:\ptero-engine\source\renderer_dx12\renderer_dx12\x64\debug\mcts.obj
k:\ptero-engine\source\renderer_dx12\renderer_dx12\x64\debug\logger.obj
k:\ptero-engine\source\renderer_dx12\renderer_dx12\x64\debug\io.obj
k:\ptero-engine\source\renderer_dx12\renderer_dx12\x64\debug\cost.obj
k:\ptero-engine\source\renderer_dx12\renderer_dx12\x64\debug\bvh.obj
k:\ptero-engine\source\renderer_dx12\renderer_dx12\x64\debug\coacd.obj
k:\ptero-engine\source\renderer_dx12\renderer_dx12\x64\debug\collisiongenerator.obj
k:\ptero-engine\source\renderer_dx12\renderer_dx12\x64\debug\clip.obj
k:\ptero-engine\source\renderer_dx12\renderer_dx12\x64\debug\textureimporter.obj
k:\ptero-engine\source\renderer_dx12\renderer_dx12\x64\debug\imgui_draw.obj
k:\ptero-engine\source\renderer_dx12\renderer_dx12\x64\debug\imgui.obj
k:\ptero-engine\source\renderer_dx12\renderer_dx12\x64\debug\imgui_impl_win32.obj
k:\ptero-engine\source\renderer_dx12\renderer_dx12\x64\debug\imgui_impl_dx12.obj
k:\ptero-engine\source\renderer_dx12\renderer_dx12\x64\debug\directxtexwic.obj
k:\ptero-engine\source\renderer_dx12\renderer_dx12\x64\debug\directxtexutil.obj
k:\ptero-engine\source\renderer_dx12\renderer_dx12\x64\debug\directxtextga.obj
k:\ptero-engine\source\renderer_dx12\renderer_dx12\x64\debug\directxtexresize.obj
k:\ptero-engine\source\renderer_dx12\renderer_dx12\x64\debug\directxtexpmalpha.obj
k:\ptero-engine\source\renderer_dx12\renderer_dx12\x64\debug\directxtexmisc.obj
k:\ptero-engine\source\renderer_dx12\renderer_dx12\x64\debug\directxtexmipmaps.obj
k:\ptero-engine\source\renderer_dx12\renderer_dx12\x64\debug\directxteximage.obj
k:\ptero-engine\source\renderer_dx12\renderer_dx12\x64\debug\directxtexhdr.obj
k:\ptero-engine\source\renderer_dx12\renderer_dx12\x64\debug\directxtexfliprotate.obj
k:\ptero-engine\source\renderer_dx12\renderer_dx12\x64\debug\directxtexdds.obj
k:\ptero-engine\source\renderer_dx12\renderer_dx12\x64\debug\directxtexconvert.obj
k:\ptero-engine\source\renderer_dx12\renderer_dx12\x64\debug\directxtexcompress.obj
k:\ptero-engine\source\renderer_dx12\renderer_dx12\x64\debug\bc6hbc7.obj
k:\ptero-engine\source\renderer_dx12\renderer_dx12\x64\debug\bc4bc5.obj
k:\ptero-engine\source\renderer_dx12\renderer_dx12\x64\debug\bc.obj
k:\ptero-engine\source\renderer_dx12\renderer_dx12\x64\debug\imguizmo.obj
k:\ptero-engine\source\renderer_dx12\renderer_dx12\x64\debug\imgui_demo.obj
k:\ptero-engine\source\renderer_dx12\renderer_dx12\x64\debug\imgui_widgets.obj
k:\ptero-engine\source\renderer_dx12\renderer_dx12\x64\debug\imgui_tables.obj
k:\ptero-engine\source\renderer_dx12\renderer_dx12\x64\debug\arhosekskymodel.obj
k:\ptero-engine\source\renderer_dx12\renderer_dx12\x64\debug\ddstextureloader12.obj
k:\ptero-engine\source\renderer_dx12\renderer_dx12\x64\debug\glassrenderer.obj
k:\ptero-engine\source\renderer_dx12\renderer_dx12\x64\debug\imagesharpenrenderer.obj
k:\ptero-engine\source\renderer_dx12\renderer_dx12\x64\debug\waterrenderer.obj
k:\ptero-engine\source\renderer_dx12\renderer_dx12\x64\debug\oceansimulation.obj
k:\ptero-engine\source\renderer_dx12\renderer_dx12\x64\debug\volumetriccloudrenderer.obj
k:\ptero-engine\source\renderer_dx12\renderer_dx12\x64\debug\vegetationscatter.obj
k:\ptero-engine\source\renderer_dx12\renderer_dx12\x64\debug\geometryraycaster.obj
k:\ptero-engine\source\renderer_dx12\renderer_dx12\x64\debug\vegetationrenderer.obj
k:\ptero-engine\binaries\renderer_dx12.dll
k:\ptero-engine\binaries\renderer_dx12.pdb
k:\ptero-engine\source\renderer_dx12\renderer_dx12\x64\debug\resource.res
k:\ptero-engine\binaries\renderer_dx12.lib
k:\ptero-engine\binaries\renderer_dx12.exp
k:\ptero-engine\source\renderer_dx12\renderer_dx12\x64\debug\renderer_dx12.ilk
k:\ptero-engine\source\renderer_dx12\renderer_dx12\x64\debug\renderer_dx12.tlog\cl.command.1.tlog
k:\ptero-engine\source\renderer_dx12\renderer_dx12\x64\debug\renderer_dx12.tlog\cl.items.tlog
k:\ptero-engine\source\renderer_dx12\renderer_dx12\x64\debug\renderer_dx12.tlog\cl.read.1.tlog
k:\ptero-engine\source\renderer_dx12\renderer_dx12\x64\debug\renderer_dx12.tlog\cl.write.1.tlog
k:\ptero-engine\source\renderer_dx12\renderer_dx12\x64\debug\renderer_dx12.tlog\link.command.1.tlog
k:\ptero-engine\source\renderer_dx12\renderer_dx12\x64\debug\renderer_dx12.tlog\link.read.1.tlog
k:\ptero-engine\source\renderer_dx12\renderer_dx12\x64\debug\renderer_dx12.tlog\link.secondary.1.tlog
k:\ptero-engine\source\renderer_dx12\renderer_dx12\x64\debug\renderer_dx12.tlog\link.write.1.tlog
k:\ptero-engine\source\renderer_dx12\renderer_dx12\x64\debug\renderer_dx12.tlog\rc.command.1.tlog
k:\ptero-engine\source\renderer_dx12\renderer_dx12\x64\debug\renderer_dx12.tlog\rc.read.1.tlog
k:\ptero-engine\source\renderer_dx12\renderer_dx12\x64\debug\renderer_dx12.tlog\rc.write.1.tlog
