k:\ptero-engine\source\ptero-engine\editor\x64\debug\vc145.pdb
k:\ptero-engine\source\ptero-engine\editor\x64\debug\vc145.idb
k:\ptero-engine\source\ptero-engine\editor\x64\debug\splashscreen.obj
k:\ptero-engine\source\ptero-engine\editor\x64\debug\editor.obj
k:\ptero-engine\source\ptero-engine\editor\x64\debug\gridgeometry.obj
k:\ptero-engine\source\ptero-engine\editor\x64\debug\editormain.obj
k:\ptero-engine\source\ptero-engine\editor\x64\debug\imgui_widgets.obj
k:\ptero-engine\source\ptero-engine\editor\x64\debug\imgui_tables.obj
k:\ptero-engine\source\ptero-engine\editor\x64\debug\imgui_draw.obj
k:\ptero-engine\source\ptero-engine\editor\x64\debug\imgui.obj
k:\ptero-engine\source\ptero-engine\editor\x64\debug\sceneserializer.obj
k:\ptero-engine\binaries\editor.exe
k:\ptero-engine\binaries\editor.pdb
k:\ptero-engine\source\ptero-engine\editor\x64\debug\ptero-engine.res
k:\ptero-engine\source\ptero-engine\editor\x64\debug\editor.ilk
k:\ptero-engine\source\ptero-engine\editor\x64\debug\editor.tlog\cl.command.1.tlog
k:\ptero-engine\source\ptero-engine\editor\x64\debug\editor.tlog\cl.items.tlog
k:\ptero-engine\source\ptero-engine\editor\x64\debug\editor.tlog\cl.read.1.tlog
k:\ptero-engine\source\ptero-engine\editor\x64\debug\editor.tlog\cl.write.1.tlog
k:\ptero-engine\source\ptero-engine\editor\x64\debug\editor.tlog\link.command.1.tlog
k:\ptero-engine\source\ptero-engine\editor\x64\debug\editor.tlog\link.read.1.tlog
k:\ptero-engine\source\ptero-engine\editor\x64\debug\editor.tlog\link.secondary.1.tlog
k:\ptero-engine\source\ptero-engine\editor\x64\debug\editor.tlog\link.write.1.tlog
k:\ptero-engine\source\ptero-engine\editor\x64\debug\editor.tlog\rc.command.1.tlog
k:\ptero-engine\source\ptero-engine\editor\x64\debug\editor.tlog\rc.read.1.tlog
k:\ptero-engine\source\ptero-engine\editor\x64\debug\editor.tlog\rc.write.1.tlog
