k:\ptero-engine\source\game\x64\debug\game.pch
k:\ptero-engine\source\game\x64\debug\vc145.pdb
k:\ptero-engine\source\game\x64\debug\vc145.idb
k:\ptero-engine\source\game\x64\debug\pch.obj
k:\ptero-engine\source\game\x64\debug\gamecamera.obj
k:\ptero-engine\source\game\x64\debug\game.obj
k:\ptero-engine\source\game\x64\debug\dllmain.obj
k:\ptero-engine\binaries\game.dll
k:\ptero-engine\binaries\game.pdb
k:\ptero-engine\source\game\x64\debug\resource.res
k:\ptero-engine\binaries\game.lib
k:\ptero-engine\binaries\game.exp
k:\ptero-engine\source\game\x64\debug\game.ilk
k:\ptero-engine\source\game\x64\debug\game.tlog\cl.command.1.tlog
k:\ptero-engine\source\game\x64\debug\game.tlog\cl.items.tlog
k:\ptero-engine\source\game\x64\debug\game.tlog\cl.read.1.tlog
k:\ptero-engine\source\game\x64\debug\game.tlog\cl.write.1.tlog
k:\ptero-engine\source\game\x64\debug\game.tlog\link.command.1.tlog
k:\ptero-engine\source\game\x64\debug\game.tlog\link.read.1.tlog
k:\ptero-engine\source\game\x64\debug\game.tlog\link.secondary.1.tlog
k:\ptero-engine\source\game\x64\debug\game.tlog\link.write.1.tlog
k:\ptero-engine\source\game\x64\debug\game.tlog\rc.command.1.tlog
k:\ptero-engine\source\game\x64\debug\game.tlog\rc.read.1.tlog
k:\ptero-engine\source\game\x64\debug\game.tlog\rc.write.1.tlog
