k:\ptero-engine\source\system\system\x64\debug\system.pch
k:\ptero-engine\source\system\system\x64\debug\vc145.pdb
k:\ptero-engine\source\system\system\x64\debug\vc145.idb
k:\ptero-engine\source\system\system\x64\debug\pch.obj
k:\ptero-engine\source\system\system\x64\debug\textureimporter.obj
k:\ptero-engine\source\system\system\x64\debug\systemassetapi.obj
k:\ptero-engine\source\system\system\x64\debug\fbxcompiler.obj
k:\ptero-engine\source\system\system\x64\debug\assetmanager.obj
k:\ptero-engine\source\system\system\x64\debug\materialeditor.obj
k:\ptero-engine\source\system\system\x64\debug\dllmain.obj
k:\ptero-engine\source\system\system\x64\debug\btconvexhullcomputer.obj
k:\ptero-engine\source\system\system\x64\debug\btalignedallocator.obj
k:\ptero-engine\source\system\system\x64\debug\quickhull.obj
k:\ptero-engine\source\system\system\x64\debug\sobol.obj
k:\ptero-engine\source\system\system\x64\debug\shape.obj
k:\ptero-engine\source\system\system\x64\debug\process.obj
k:\ptero-engine\source\system\system\x64\debug\model_obj.obj
k:\ptero-engine\source\system\system\x64\debug\mcts.obj
k:\ptero-engine\source\system\system\x64\debug\logger.obj
k:\ptero-engine\source\system\system\x64\debug\io.obj
k:\ptero-engine\source\system\system\x64\debug\cost.obj
k:\ptero-engine\source\system\system\x64\debug\bvh.obj
k:\ptero-engine\source\system\system\x64\debug\coacd.obj
k:\ptero-engine\source\system\system\x64\debug\collisiongenerator.obj
k:\ptero-engine\source\system\system\x64\debug\indexcodec.obj
k:\ptero-engine\source\system\system\x64\debug\indexanalyzer.obj
k:\ptero-engine\source\system\system\x64\debug\clusterizer.obj
k:\ptero-engine\source\system\system\x64\debug\allocator.obj
k:\ptero-engine\source\system\system\x64\debug\directxtexwic.obj
k:\ptero-engine\source\system\system\x64\debug\directxtexutil.obj
k:\ptero-engine\source\system\system\x64\debug\directxtextga.obj
k:\ptero-engine\source\system\system\x64\debug\directxtexresize.obj
k:\ptero-engine\source\system\system\x64\debug\directxtexpmalpha.obj
k:\ptero-engine\source\system\system\x64\debug\directxtexmisc.obj
k:\ptero-engine\source\system\system\x64\debug\directxtexmipmaps.obj
k:\ptero-engine\source\system\system\x64\debug\directxteximage.obj
k:\ptero-engine\source\system\system\x64\debug\directxtexhdr.obj
k:\ptero-engine\source\system\system\x64\debug\directxtexfliprotate.obj
k:\ptero-engine\source\system\system\x64\debug\directxtexdds.obj
k:\ptero-engine\source\system\system\x64\debug\directxtexconvert.obj
k:\ptero-engine\source\system\system\x64\debug\directxtexcompress.obj
k:\ptero-engine\source\system\system\x64\debug\bc6hbc7.obj
k:\ptero-engine\source\system\system\x64\debug\bc4bc5.obj
k:\ptero-engine\source\system\system\x64\debug\bc.obj
k:\ptero-engine\source\system\system\x64\debug\vfetchoptimizer.obj
k:\ptero-engine\source\system\system\x64\debug\vertexfilter.obj
k:\ptero-engine\source\system\system\x64\debug\vertexcodec.obj
k:\ptero-engine\source\system\system\x64\debug\vcacheoptimizer.obj
k:\ptero-engine\source\system\system\x64\debug\stripifier.obj
k:\ptero-engine\source\system\system\x64\debug\spatialorder.obj
k:\ptero-engine\source\system\system\x64\debug\simplifier.obj
k:\ptero-engine\source\system\system\x64\debug\rasterizer.obj
k:\ptero-engine\source\system\system\x64\debug\quantization.obj
k:\ptero-engine\source\system\system\x64\debug\partition.obj
k:\ptero-engine\source\system\system\x64\debug\overdrawoptimizer.obj
k:\ptero-engine\source\system\system\x64\debug\opacitymap.obj
k:\ptero-engine\source\system\system\x64\debug\meshletutils.obj
k:\ptero-engine\source\system\system\x64\debug\meshletcodec.obj
k:\ptero-engine\source\system\system\x64\debug\indexgenerator.obj
k:\ptero-engine\source\system\system\x64\debug\clip.obj
k:\ptero-engine\source\system\system\x64\debug\system.res
k:\ptero-engine\binaries\system.lib
k:\ptero-engine\binaries\system.exp
k:\ptero-engine\source\system\system\x64\debug\system.ilk
k:\ptero-engine\source\system\system\x64\debug\system.tlog\cl.command.1.tlog
k:\ptero-engine\source\system\system\x64\debug\system.tlog\cl.items.tlog
k:\ptero-engine\source\system\system\x64\debug\system.tlog\cl.read.1.tlog
k:\ptero-engine\source\system\system\x64\debug\system.tlog\cl.write.1.tlog
k:\ptero-engine\source\system\system\x64\debug\system.tlog\link.command.1.tlog
k:\ptero-engine\source\system\system\x64\debug\system.tlog\link.read.1.tlog
k:\ptero-engine\source\system\system\x64\debug\system.tlog\link.secondary.1.tlog
k:\ptero-engine\source\system\system\x64\debug\system.tlog\link.write.1.tlog
k:\ptero-engine\source\system\system\x64\debug\system.tlog\rc.command.1.tlog
k:\ptero-engine\source\system\system\x64\debug\system.tlog\rc.read.1.tlog
k:\ptero-engine\source\system\system\x64\debug\system.tlog\rc.write.1.tlog
